[vaperrzone.myshopify.com/index.html]
[backblue.gif]
[fade.gif]
[index.html]
[vaperrzone.myshopify.com/cdn/shop/files/banner_1_feacce7a-607a-4ea7-84a0-06fe98682d1d693b.jpg]
[vaperrzone.myshopify.com/cdn/shop/t/2/assets/constants91a6.js]
[vaperrzone.myshopify.com/cdn/shop/t/2/assets/pubsubeda6.js]
[vaperrzone.myshopify.com/cdn/shop/t/2/assets/global0c30.js]
[vaperrzone.myshopify.com/cdn/shop/t/2/assets/details-disclosureda00.js]
[vaperrzone.myshopify.com/cdn/shop/t/2/assets/details-modal501f.js]
[vaperrzone.myshopify.com/cdn/shop/t/2/assets/search-forme55a.js]
[vaperrzone.myshopify.com/cdn/shop/t/2/assets/animationscadf.js]
[vaperrzone.myshopify.com/checkouts/internal/preloads8cdc.js]
[vaperrzone.myshopify.com/cdn/shopifycloud/shopify/assets/storefront/load_feature-9f951eb7d8d53973c719de211f807d63af81c644e5b9a6ae72661ac408d472f6.js]
[vaperrzone.myshopify.com/cdn/shopifycloud/shopify/assets/storefront/features-1c0b396bd4d054b94abae1eb6a1bd6ba47beb35525c57a217c77a862ff06d83f.js]
[vaperrzone.myshopify.com/cdn/shopifycloud/privacy-banner/storefront-banner.js]
[vaperrzone.myshopify.com/cdn/shop/t/2/compiled_assets/scripts98f1.js]
[vaperrzone.myshopify.com/cdn/fonts/inter/inter_n4.481bd4d19704ca98fb1d3abd50c668b6962860a2855c.woff2]
[vaperrzone.myshopify.com/cdn/fonts/inter/inter_n4.5a356a4c1877691cd26008ee4a5c7ada675c80ce7933.woff]
[vaperrzone.myshopify.com/cdn/fonts/inter/inter_n7.50ef4139896edec0637fde057914fbf7e3a8d56ed94f.woff2]
[vaperrzone.myshopify.com/cdn/fonts/inter/inter_n7.194c3d3f64efd8e4c82bbbe83dc84f5893fd9087a521.woff]
[vaperrzone.myshopify.com/cdn/shop/t/2/assets/baseb389.css]
[vaperrzone.myshopify.com/cdn/shop/t/2/assets/component-cart-itemsc064.css]
[vaperrzone.myshopify.com/cdn/shop/t/2/assets/component-predictive-searche429.css]
[vaperrzone.myshopify.com/POST]
[vaperrzone.myshopify.com/cdn]
[vaperrzone.myshopify.com/cdn/s/trekkie.storefront.f9102b76c4156d18a2f9ad80e236ecd6fdcc057c.min.js]
[vaperrzone.myshopify.com/cdn/shopifycloud/shopify/assets/shop_events_listener-61fa9e0a912c675e178777d2b27f6cbd482f8912a6b0aa31fa3515985a8cd626.js]
[vaperrzone.myshopify.com/cdn/shopifycloud/boomerang/shopify-boomerang-1.0.0.min.js]
[vaperrzone.myshopify.com/cdn/shopifycloud/perf-kit/shopify-perf-kit-unstable.min.js]
[vaperrzone.myshopify.com/cdn/shop/t/2/assets/component-list-menu6cc9.css]
[vaperrzone.myshopify.com/cdn/shop/t/2/assets/component-search4a49.css]
[vaperrzone.myshopify.com/cdn/shop/t/2/assets/component-menu-drawer7037.css]
[vaperrzone.myshopify.com/cdn/shop/t/2/assets/component-cart-notificationdd70.css]
[vaperrzone.myshopify.com/cdn/shop/t/2/assets/component-pricebeaa.css]
[vaperrzone.myshopify.com/cdn/shop/t/2/assets/cart-notification3f3b.js]
[vaperrzone.myshopify.com/cdn/shop/files/logo2-removebg_28ae7.png]
[vaperrzone.myshopify.com/cart.html]
[vaperrzone.myshopify.com/cdn/shop/t/2/assets/component-card177d.css]
[vaperrzone.myshopify.com/cdn/shop/t/2/assets/component-slider08e9.css]
[vaperrzone.myshopify.com/cdn/shop/t/2/assets/template-collection32a1.css]
[vaperrzone.myshopify.com/cdn/shop/t/2/assets/component-rating88d2.css]
[vaperrzone.myshopify.com/cdn/shop/t/2/assets/component-volume-pricingd736.css]
[vaperrzone.myshopify.com/cdn/shop/t/2/assets/quick-order-listcc46.css]
[vaperrzone.myshopify.com/cdn/shop/t/2/assets/quantity-popover311b.css]
[vaperrzone.myshopify.com/cdn/shop/files/vaperarandanose7f5.jpg]
[vaperrzone.myshopify.com/cdn/shop/files/todos4800_35c4740d-932b-4480-86fe-d668e5f33a0db52d.jpg]
[vaperrzone.myshopify.com/products/vaper-arandanos-4800-caladas.html]
[vaperrzone.myshopify.com/cdn/shop/files/vaperfresa0d93.jpg]
[vaperrzone.myshopify.com/cdn/shop/files/todos48008574.jpg]
[vaperrzone.myshopify.com/products/vaper-fresa-4800-caladas.html]
[vaperrzone.myshopify.com/cdn/shop/files/vaperlimon8362.jpg]
[vaperrzone.myshopify.com/cdn/shop/files/todos4800_baa47ca9-8c4c-43de-85d0-f75386033c348362.jpg]
[vaperrzone.myshopify.com/products/vaper-limon-4800-caladas.html]
[vaperrzone.myshopify.com/cdn/shop/files/vaperLychee7cd4.jpg]
[vaperrzone.myshopify.com/cdn/shop/files/todos4800_75effd54-14e3-45a7-afee-9d7091d79204f570.jpg]
[vaperrzone.myshopify.com/products/vaper-lychee-4800-caladas.html]
[vaperrzone.myshopify.com/cdn/shop/files/vapermangoc718.jpg]
[vaperrzone.myshopify.com/products/vaper-4800-caladas.html]
[vaperrzone.myshopify.com/cdn/shop/files/melonb7ec.jpg]
[vaperrzone.myshopify.com/products/vaper-melon-4800-caladas.html]
[vaperrzone.myshopify.com/cdn/shop/files/vapersandfiadd37.jpg]
[vaperrzone.myshopify.com/products/vaper-sandia-4800-caladas.html]
[vaperrzone.myshopify.com/cdn/shop/files/vaperuva5832.jpg]
[vaperrzone.myshopify.com/products/vaper-uva-4800-caladas.html]
[vaperrzone.myshopify.com/cdn/shop/t/2/assets/section-footer5419.css]
[vaperrzone.myshopify.com/cdn/shop/t/2/assets/component-newsletterfa74.css]
[vaperrzone.myshopify.com/cdn/shop/t/2/assets/component-list-payment2f1e.css]
[vaperrzone.myshopify.com/cdn/shop/t/2/assets/component-list-social5d36.css]
[vaperrzone.myshopify.com/policies/privacy-policy.html]
[vaperrzone.myshopify.com/index.html]
[shop.app/checkouts/internal/preloads7c18.js]
[vaperrzone.myshopify.com/cdn/shop/t/2/assets/predictive-search7e26.js]
[vaperrzone.myshopify.com/cdn/shop/t/2/assets/sparkle.gif]
[vaperrzone.myshopify.com/cdn/shop/t/2/assets/baseb389.css]
[vaperrzone.myshopify.com/cdn/shop/t/2/assets/component-cart-itemsc064.css]
[vaperrzone.myshopify.com/cdn/shop/t/2/assets/component-predictive-searche429.css]
[vaperrzone.myshopify.com/POST.html]
[vaperrzone.myshopify.com/cdn.html]
[vaperrzone.myshopify.com/cdn/shop/t/2/assets/component-list-menu6cc9.css]
[vaperrzone.myshopify.com/cdn/shop/t/2/assets/component-search4a49.css]
[vaperrzone.myshopify.com/cdn/shop/t/2/assets/component-menu-drawer7037.css]
[vaperrzone.myshopify.com/cdn/shop/t/2/assets/component-cart-notificationdd70.css]
[vaperrzone.myshopify.com/cdn/shop/t/2/assets/component-pricebeaa.css]
[vaperrzone.myshopify.com/cdn/shop/t/2/assets/component-cart3867.css]
[vaperrzone.myshopify.com/cdn/shop/t/2/assets/component-totalsb443.css]
[vaperrzone.myshopify.com/cdn/shop/t/2/assets/component-discounts0b62.css]
[vaperrzone.myshopify.com/cdn/shop/t/2/assets/cart10e7.js]
[vaperrzone.myshopify.com/cdn/shop/t/2/assets/quantity-popoverbfa3.js]
[vaperrzone.myshopify.com/cart.html]
[vaperrzone.myshopify.com/cdn/shop/t/2/assets/component-card177d.css]
[vaperrzone.myshopify.com/cdn/shop/t/2/assets/component-slider08e9.css]
[vaperrzone.myshopify.com/cdn/shop/t/2/assets/template-collection32a1.css]
[vaperrzone.myshopify.com/cdn/shop/t/2/assets/component-rating88d2.css]
[vaperrzone.myshopify.com/cdn/shop/t/2/assets/component-volume-pricingd736.css]
[vaperrzone.myshopify.com/cdn/shop/t/2/assets/quick-order-listcc46.css]
[vaperrzone.myshopify.com/cdn/shop/t/2/assets/quantity-popover311b.css]
[vaperrzone.myshopify.com/collections/all.html]
[vaperrzone.myshopify.com/cdn/shop/files/vaperarandanosec7f.jpg]
[vaperrzone.myshopify.com/products/vaper-arandanos-4800-caladas.oembed]
[vaperrzone.myshopify.com/products/POST]
[vaperrzone.myshopify.com/cdn/shop/t/2/assets/section-main-productfac8.css]
[vaperrzone.myshopify.com/cdn/shop/t/2/assets/component-accordion758e.css]
[vaperrzone.myshopify.com/cdn/shop/t/2/assets/component-deferred-media1a8a.css]
[vaperrzone.myshopify.com/cdn/shop/t/2/assets/product-info8d2a.js]
[vaperrzone.myshopify.com/cdn/shop/t/2/assets/product-form5fe5.js]
[vaperrzone.myshopify.com/cdn/shop/files/vaperarandanosf879.jpg]
[vaperrzone.myshopify.com/cdn/shop/files/todos4800_35c4740d-932b-4480-86fe-d668e5f33a0decea.jpg]
[vaperrzone.myshopify.com/cdn/shop/t/2/assets/component-pickup-availabilityf112.css]
[vaperrzone.myshopify.com/cdn/shop/t/2/assets/pickup-availabilityf8fc.js]
[vaperrzone.myshopify.com/cdn/shop/t/2/assets/share2672.js]
[vaperrzone.myshopify.com/cdn/shop/files/vaperarandanosa08f.jpg]
[vaperrzone.myshopify.com/cdn/shop/files/todos4800_35c4740d-932b-4480-86fe-d668e5f33a0dd539.jpg]
[vaperrzone.myshopify.com/cdn/shop/t/2/assets/product-modalec6d.js]
[vaperrzone.myshopify.com/cdn/shop/t/2/assets/media-gallery77e1.js]
[vaperrzone.myshopify.com/products/vaper-arandanos-4800-caladas.html]
[vaperrzone.myshopify.com/cdn/shop/t/2/assets/section-related-productsf7ef.css]
[vaperrzone.myshopify.com/cdn/shop/files/vaperfresa184c.jpg]
[vaperrzone.myshopify.com/products/vaper-fresa-4800-caladas.oembed]
[vaperrzone.myshopify.com/cdn/shop/files/vaperfresa65fd.jpg]
[vaperrzone.myshopify.com/cdn/shop/files/todos4800535e.jpg]
[vaperrzone.myshopify.com/cdn/shop/files/vaperfresa4088.jpg]
[vaperrzone.myshopify.com/cdn/shop/files/todos48007d43.jpg]
[vaperrzone.myshopify.com/products/vaper-fresa-4800-caladas.html]
[vaperrzone.myshopify.com/cdn/shop/files/vaperlimon8cb6.jpg]
[vaperrzone.myshopify.com/products/vaper-limon-4800-caladas.oembed]
[vaperrzone.myshopify.com/cdn/shop/files/vaperlimon1a47.jpg]
[vaperrzone.myshopify.com/cdn/shop/files/todos4800_baa47ca9-8c4c-43de-85d0-f75386033c341a47.jpg]
[vaperrzone.myshopify.com/cdn/shop/files/vaperlimona0d3.jpg]
[vaperrzone.myshopify.com/cdn/shop/files/todos4800_baa47ca9-8c4c-43de-85d0-f75386033c34a0d3.jpg]
[vaperrzone.myshopify.com/products/vaper-limon-4800-caladas.html]
[vaperrzone.myshopify.com/cdn/shop/files/vaperLycheea4f5.jpg]
[vaperrzone.myshopify.com/products/vaper-lychee-4800-caladas.oembed]
[vaperrzone.myshopify.com/cdn/shop/files/vaperLychee985d.jpg]
[vaperrzone.myshopify.com/cdn/shop/files/todos4800_75effd54-14e3-45a7-afee-9d7091d792041533.jpg]
[vaperrzone.myshopify.com/cdn/shop/files/vaperLycheed6cf.jpg]
[vaperrzone.myshopify.com/cdn/shop/files/todos4800_75effd54-14e3-45a7-afee-9d7091d792040a77.jpg]
[vaperrzone.myshopify.com/products/vaper-lychee-4800-caladas.html]
[vaperrzone.myshopify.com/cdn/shop/files/vapermango4d73.jpg]
[vaperrzone.myshopify.com/products/vaper-4800-caladas.oembed]
[vaperrzone.myshopify.com/cdn/shop/files/vapermango9d67.jpg]
[vaperrzone.myshopify.com/cdn/shop/files/vapermangob895.jpg]
[vaperrzone.myshopify.com/products/vaper-4800-caladas.html]
[vaperrzone.myshopify.com/cdn/shop/files/melon8e21.jpg]
[vaperrzone.myshopify.com/products/vaper-melon-4800-caladas.oembed]
[vaperrzone.myshopify.com/cdn/shop/files/melonb215.jpg]
[vaperrzone.myshopify.com/cdn/shop/files/melon99c6.jpg]
[vaperrzone.myshopify.com/products/vaper-melon-4800-caladas.html]
[vaperrzone.myshopify.com/cdn/shop/files/vapersandfia0523.jpg]
[vaperrzone.myshopify.com/products/vaper-sandia-4800-caladas.oembed]
[vaperrzone.myshopify.com/cdn/shop/files/vapersandfia1c13.jpg]
[vaperrzone.myshopify.com/cdn/shop/files/vapersandfia954b.jpg]
[vaperrzone.myshopify.com/products/vaper-sandia-4800-caladas.html]
[vaperrzone.myshopify.com/cdn/shop/files/vaperuva4274.jpg]
[vaperrzone.myshopify.com/products/vaper-uva-4800-caladas.oembed]
[vaperrzone.myshopify.com/cdn/shop/files/vaperuva46e3.jpg]
[vaperrzone.myshopify.com/cdn/shop/files/vaperuvaa6b0.jpg]
[vaperrzone.myshopify.com/products/vaper-uva-4800-caladas.html]
[vaperrzone.myshopify.com/cdn/shop/t/2/assets/section-footer5419.css]
[vaperrzone.myshopify.com/cdn/shop/t/2/assets/component-newsletterfa74.css]
[vaperrzone.myshopify.com/cdn/shop/t/2/assets/component-list-payment2f1e.css]
[vaperrzone.myshopify.com/cdn/shop/t/2/assets/component-list-social5d36.css]
[vaperrzone.myshopify.com/cdn/shopifycloud/shopify/assets/storefront/policy-3e4aa3c07a3a61780d16bc4b828d2fef9e1a20a44aae36e029a7b98e5ee5a4d0.css]
[vaperrzone.myshopify.com/policies/POST]
[vaperrzone.myshopify.com/policies/privacy-policy.html]
[vaperrzone.myshopify.com/cdn/shop/t/2/assets/component-cart3867.css]
[vaperrzone.myshopify.com/cdn/shop/t/2/assets/component-totalsb443.css]
[vaperrzone.myshopify.com/cdn/shop/t/2/assets/component-discounts0b62.css]
[vaperrzone.myshopify.com/collections/all.atom]
[vaperrzone.myshopify.com/collections/POST]
[vaperrzone.myshopify.com/cdn/shop/t/2/assets/component-collection-hero93af.css]
[vaperrzone.myshopify.com/cdn/shop/t/2/assets/component-facetsb815.css]
[vaperrzone.myshopify.com/collections/all.html]
[vaperrzone.myshopify.com/products/POST.html]
[vaperrzone.myshopify.com/cdn/shop/t/2/assets/section-main-productfac8.css]
[vaperrzone.myshopify.com/cdn/shop/t/2/assets/component-accordion758e.css]
[vaperrzone.myshopify.com/cdn/shop/t/2/assets/component-deferred-media1a8a.css]
[vaperrzone.myshopify.com/cdn/shop/t/2/assets/component-pickup-availabilityf112.css]
[vaperrzone.myshopify.com/cdn/shop/t/2/assets/section-related-productsf7ef.css]
[vaperrzone.myshopify.com/cdn/shopifycloud/shopify/assets/storefront/policy-3e4aa3c07a3a61780d16bc4b828d2fef9e1a20a44aae36e029a7b98e5ee5a4d0.css]
[vaperrzone.myshopify.com/policies/POST.html]
[vaperrzone.myshopify.com/collections/POST.html]
[vaperrzone.myshopify.com/cdn/shop/t/2/assets/component-collection-hero93af.css]
[vaperrzone.myshopify.com/cdn/shop/t/2/assets/component-facetsb815.css]
[vaperrzone.myshopify.com/cdn/shop/t/2/assets/facetsb0fb.js]
